[maze.umbrella.al/index.html]
[maze.umbrella.al/xmlrpc.0.delayed]
[backblue.gif]
[fade.gif]
[index.html]
[maze.umbrella.al/wp-content/uploads/2015/01/logo1.png]
[maze.umbrella.al/wp-admin/admin-ajax.html]
[maze.umbrella.al/wp-includes/css/dashicons.minef15.css]
[maze.umbrella.al/wp-content/themes/umbrellam/assets/css/bootstrap.minef15.css]
[maze.umbrella.al/feed/index.html]
[maze.umbrella.al/wp-content/themes/umbrellam/assets/css/font-awesome.minef15.css]
[maze.umbrella.al/wp-content/themes/umbrellam/assets/css/lineaef15.css]
[maze.umbrella.al/home/feed/index.html]
[maze.umbrella.al/comments/feed/index.html]
[maze.umbrella.al/wp-content/themes/umbrellam/assets/css/animateef15.css]
[maze.umbrella.al/wp-content/themes/umbrellam/assets/css/styleef15.css]
[maze.umbrella.al/wp-content/themes/umbrellam/assets/css/adjustef15.css]
[maze.umbrella.al/wp-content/themes/umbrellam/styleef15.css]
[maze.umbrella.al/wp-includes/js/jquery/jqueryb8ff.js]
[maze.umbrella.al/wp-includes/js/jquery/jquery-migrate.min330a.js]
[maze.umbrella.al/xmlrpc0db0.php]
[maze.umbrella.al/wp-json/index.html]
[maze.umbrella.al/wp-includes/wlwmanifest.xml]
[maze.umbrella.al/wp-json/oembed/1.0/embed6567.json]
[maze.umbrella.al/wp-content/themes/umbrellam/assets/sound/click.mp3]
[maze.umbrella.al/wp-content/themes/umbrellam/assets/sound/click.ogg]
[maze.umbrella.al/wp-content/themes/umbrellam/assets/sound/click.wav]
[maze.umbrella.al/blog/index.html]
[maze.umbrella.al/wp-content/uploads/2015/01/Ambient.mp3]
[maze.umbrella.al/wp-content/uploads/2015/01/logo.png]
[maze.umbrella.al/wp-content/uploads/2015/01/a-760x570.png]
[maze.umbrella.al/blog/portfolio_category/branding/index.html]
[maze.umbrella.al/blog/portfolio_category/design/index.html]
[maze.umbrella.al/wp-content/uploads/2015/01/c1-760x414.jpg]
[maze.umbrella.al/blog/portfolio_category/illustration/index.html]
[maze.umbrella.al/blog/portfolio_category/other/index.html]
[maze.umbrella.al/wp-content/uploads/2015/01/b-760x568.png]
[maze.umbrella.al/blog/portfolio/ice-cream-truck/index.html]
[maze.umbrella.al/wp-content/uploads/2015/01/a-760x570.jpg]
[maze.umbrella.al/blog/portfolio/ice-cream-truck-4/index.html]
[maze.umbrella.al/wp-content/uploads/2015/01/dribnew-760x570.png]
[maze.umbrella.al/blog/portfolio/ice-cream-truck-3/index.html]
[maze.umbrella.al/wp-content/uploads/2015/01/ee.jpg]
[maze.umbrella.al/blog/portfolio/ice-cream-truck-2/index.html]
[maze.umbrella.al/wp-content/uploads/2015/01/1-400x400.jpg]
[maze.umbrella.al/blog/portfolio/ice-cream-truck-5/index.html]
[maze.umbrella.al/wp-content/uploads/2015/01/1-600x500.jpg]
[maze.umbrella.al/blog/portfolio/ice-cream-truck-7/index.html]
[maze.umbrella.al/wp-content/uploads/2015/01/2-400x400.jpg]
[maze.umbrella.al/wp-content/uploads/2015/01/2-600x500.jpg]
[maze.umbrella.al/wp-content/uploads/2015/01/3-400x400.jpg]
[maze.umbrella.al/wp-content/uploads/2015/01/3-600x500.jpg]
[maze.umbrella.al/blog/2015/01/22/letting-go-of-things-and-history-4/index.html]
[maze.umbrella.al/blog/2015/01/22/letting-go-of-things-and-history-3/index.html]
[maze.umbrella.al/wp-includes/js/comment-reply.minef15.js]
[maze.umbrella.al/blog/2015/01/22/letting-go-of-things-and-history-2/index.html]
[maze.umbrella.al/wp-includes/js/mediaelement/wp-mediaelement.minef15.js]
[maze.umbrella.al/blog/2015/01/22/letting-go-of-things-and-history/index.html]
[maze.umbrella.al/wp-includes/js/mediaelement/mediaelement-and-player.min51cd.js]
[maze.umbrella.al/wp-includes/js/wp-embed.minef15.js]
[maze.umbrella.al/index.html]
[maze.umbrella.al/xmlrpc.php]
[maze.umbrella.al/wp-admin/admin-ajax.html]
[maze.umbrella.al/wp-includes/fonts/dashicons.eot]
[maze.umbrella.al/wp-includes/css/dashicons.minef15.css]
[maze.umbrella.al/wp-content/themes/umbrellam/assets/css/bootstrap.minef15.css]
[maze.umbrella.al/wp-content/themes/umbrellam/assets/fonts/fontawesome-webfont78ce.eot]
[maze.umbrella.al/wp-content/themes/umbrellam/assets/js/bundled/application5152.js]
[maze.umbrella.al/wp-content/themes/umbrellam/assets/fonts/fontawesome-webfontd41d.eot]
[maze.umbrella.al/wp-content/themes/umbrellam/assets/fonts/fontawesome-webfont78ce.woff]
[maze.umbrella.al/wp-content/themes/umbrellam/assets/fonts/fontawesome-webfont78ce.ttf]
[maze.umbrella.al/wp-content/themes/umbrellam/assets/css/font-awesome.minef15.css]
[maze.umbrella.al/wp-content/themes/umbrellam/assets/css/fonts/linea-arrows-10.eot]
[maze.umbrella.al/wp-content/themes/umbrellam/assets/css/fonts/linea-arrows-10d41d.eot]
[maze.umbrella.al/wp-content/themes/umbrellam/assets/css/fonts/linea-arrows-10.woff]
[maze.umbrella.al/wp-content/themes/umbrellam/assets/css/fonts/linea-arrows-10.ttf]
[maze.umbrella.al/wp-content/themes/umbrellam/assets/css/fonts/linea-basic-10.eot]
[maze.umbrella.al/wp-content/themes/umbrellam/assets/css/fonts/linea-basic-10.woff]
[maze.umbrella.al/wp-content/themes/umbrellam/assets/css/fonts/linea-basic-10d41d.eot]
[maze.umbrella.al/wp-content/themes/umbrellam/assets/css/fonts/linea-basic-10.ttf]
[maze.umbrella.al/wp-content/themes/umbrellam/assets/css/fonts/linea-basic-elaboration-10.eot]
[maze.umbrella.al/wp-content/themes/umbrellam/assets/css/fonts/linea-basic-elaboration-10.woff]
[maze.umbrella.al/wp-content/themes/umbrellam/assets/css/fonts/linea-basic-elaboration-10d41d.eot]
[maze.umbrella.al/wp-content/themes/umbrellam/assets/css/fonts/linea-basic-elaboration-10.ttf]
[maze.umbrella.al/wp-content/themes/umbrellam/assets/css/fonts/linea-ecommerce-10.eot]
[maze.umbrella.al/wp-content/themes/umbrellam/assets/css/fonts/linea-ecommerce-10.woff]
[maze.umbrella.al/wp-content/themes/umbrellam/assets/css/fonts/linea-ecommerce-10d41d.eot]
[maze.umbrella.al/wp-content/themes/umbrellam/assets/css/fonts/linea-ecommerce-10.ttf]
[maze.umbrella.al/wp-content/themes/umbrellam/assets/css/fonts/linea-music-10.eot]
[maze.umbrella.al/wp-content/themes/umbrellam/assets/css/fonts/linea-music-10d41d.eot]
[maze.umbrella.al/wp-content/themes/umbrellam/assets/css/fonts/linea-music-10.woff]
[maze.umbrella.al/wp-content/themes/umbrellam/assets/css/fonts/linea-music-10.ttf]
[maze.umbrella.al/wp-content/themes/umbrellam/assets/css/fonts/linea-software-10.eot]
[maze.umbrella.al/wp-content/themes/umbrellam/assets/css/fonts/linea-software-10d41d.eot]
[maze.umbrella.al/wp-content/themes/umbrellam/assets/css/fonts/linea-software-10.woff]
[maze.umbrella.al/wp-content/themes/umbrellam/assets/css/fonts/linea-software-10.ttf]
[maze.umbrella.al/wp-content/themes/umbrellam/assets/css/fonts/linea-weather-10.eot]
[maze.umbrella.al/wp-content/themes/umbrellam/assets/css/fonts/linea-weather-10.woff]
[maze.umbrella.al/wp-content/themes/umbrellam/assets/css/fonts/linea-weather-10.ttf]
[maze.umbrella.al/wp-content/themes/umbrellam/assets/css/fonts/linea-weather-10d41d.eot]
[maze.umbrella.al/wp-content/themes/umbrellam/assets/css/lineaef15.css]
[maze.umbrella.al/wp-content/themes/umbrellam/assets/css/animateef15.css]
[maze.umbrella.al/wp-content/themes/umbrellam/assets/images/cursor.png]
[maze.umbrella.al/wp-content/themes/umbrellam/assets/images/inactive_square.png]
[maze.umbrella.al/wp-content/themes/umbrellam/assets/images/active_square.png]
[maze.umbrella.al/wp-content/themes/umbrellam/assets/css/styleef15.css]
[maze.umbrella.al/wp-content/themes/umbrellam/assets/css/adjustef15.css]
[maze.umbrella.al/wp-content/themes/umbrellam/styleef15.css]
[maze.umbrella.al/wp-content/uploads/2015/01/31-100x100.jpg]
[maze.umbrella.al/wp-json/oembed/1.0/embed47fb]
[maze.umbrella.al/wp-content/uploads/2015/01/41-100x100.jpg]
[maze.umbrella.al/wp-content/uploads/2015/01/11-100x100.jpg]
[maze.umbrella.al/blog/index.html]
[maze.umbrella.al/wp-content/uploads/2015/01/a-100x100.png]
[maze.umbrella.al/blog/portfolio_category/branding/feed/index.html]
[maze.umbrella.al/wp-content/uploads/2015/01/b-100x100.png]
[maze.umbrella.al/wp-content/uploads/2015/01/dribnew-100x100.png]
[maze.umbrella.al/blog/portfolio_category/branding/index.html]
[maze.umbrella.al/wp-content/uploads/2015/01/c1-100x100.jpg]
[maze.umbrella.al/wp-content/uploads/2015/01/e-100x100.png]
[maze.umbrella.al/blog/portfolio_category/design/index.html]
[maze.umbrella.al/blog/portfolio_category/design/feed/index.html]
[maze.umbrella.al/wp-content/uploads/2015/01/a-100x100.jpg]
[maze.umbrella.al/blog/portfolio_category/illustration/index.html]
[maze.umbrella.al/blog/portfolio_category/other/index.html]
[maze.umbrella.al/blog/portfolio/ice-cream-truck-6/index.html]
[maze.umbrella.al/blog/portfolio_category/illustration/feed/index.html]
[maze.umbrella.al/blog/portfolio_category/other/feed/index.html]
[maze.umbrella.al/blog/portfolio/ice-cream-truck/feed/index.html]
[maze.umbrella.al/wp-json/oembed/1.0/embeda0fb.json]
[maze.umbrella.al/index0721.html]
[maze.umbrella.al/wp-json/oembed/1.0/embed5e45]
[maze.umbrella.al/wp-content/uploads/2015/01/a.png]
[maze.umbrella.al/wp-content/uploads/2015/01/24-1000x720.jpg]
[maze.umbrella.al/wp-content/uploads/2015/01/15-1000x720.jpg]
[maze.umbrella.al/blog/portfolio/ice-cream-truck/index.html]
[maze.umbrella.al/wp-json/oembed/1.0/embedd4d1.json]
[maze.umbrella.al/blog/portfolio/ice-cream-truck-4/feed/index.html]
[maze.umbrella.al/wp-json/oembed/1.0/embed3354]
[maze.umbrella.al/index96f1.html]
[maze.umbrella.al/wp-content/uploads/2015/01/b.jpg]
[maze.umbrella.al/wp-content/uploads/2015/01/c.jpg]
[maze.umbrella.al/blog/portfolio/ice-cream-truck-4/index.html]
[maze.umbrella.al/wp-json/oembed/1.0/embed515f.json]
[maze.umbrella.al/blog/portfolio/ice-cream-truck-3/feed/index.html]
[maze.umbrella.al/wp-json/oembed/1.0/embed0efe]
[maze.umbrella.al/blog/portfolio/ice-cream-truck-3/index.html]
[maze.umbrella.al/index4f61.html]
[maze.umbrella.al/wp-json/oembed/1.0/embed0809]
[maze.umbrella.al/blog/portfolio/ice-cream-truck-2/feed/index.html]
[maze.umbrella.al/index7665.html]
[maze.umbrella.al/blog/portfolio/ice-cream-truck-2/index.html]
[maze.umbrella.al/wp-json/oembed/1.0/embedcc9e]
[maze.umbrella.al/wp-json/oembed/1.0/embed127d.json]
[maze.umbrella.al/blog/portfolio/ice-cream-truck-5/feed/index.html]
[maze.umbrella.al/index7ef4.html]
[maze.umbrella.al/wp-json/oembed/1.0/embedfc90]
[maze.umbrella.al/blog/portfolio/ice-cream-truck-5/index.html]
[maze.umbrella.al/wp-json/oembed/1.0/embedf816.json]
[maze.umbrella.al/blog/portfolio/ice-cream-truck-7/feed/index.html]
[maze.umbrella.al/index3f3a.html]
[maze.umbrella.al/wp-json/oembed/1.0/embed52bc]
[maze.umbrella.al/wp-content/uploads/2015/01/17-1000x720.jpg]
[maze.umbrella.al/blog/portfolio/ice-cream-truck-7/index.html]
[maze.umbrella.al/wp-json/oembed/1.0/embedb4c6.json]
[maze.umbrella.al/blog/2015/01/22/letting-go-of-things-and-history-4/feed/index.html]
[maze.umbrella.al/indexcc0f.html]
[maze.umbrella.al/wp-json/oembed/1.0/embed5a94]
[maze.umbrella.al/wp-content/uploads/2015/01/31.jpg]
[maze.umbrella.al/blog/2015/01/22/letting-go-of-things-and-history-4/index.html]
[maze.umbrella.al/wp-json/oembed/1.0/embed2543.json]
[maze.umbrella.al/blog/tag/blog/index.html]
[maze.umbrella.al/blog/tag/history/index.html]
[maze.umbrella.al/blog/2015/01/22/letting-go-of-things-and-history-3/feed/index.html]
[maze.umbrella.al/blog/tag/music/index.html]
[maze.umbrella.al/index8054.html]
[maze.umbrella.al/wp-json/oembed/1.0/embedcaa8]
[maze.umbrella.al/wp-content/uploads/2015/01/41.jpg]
[maze.umbrella.al/blog/2015/01/22/letting-go-of-things-and-history-3/index.html]
[maze.umbrella.al/blog/2015/01/22/letting-go-of-things-and-history-2/feed/index.html]
[maze.umbrella.al/index5fb3.html]
[maze.umbrella.al/wp-json/oembed/1.0/embed18d4.json]
[maze.umbrella.al/wp-json/oembed/1.0/embed1636]
[maze.umbrella.al/wp-content/uploads/2015/01/11.jpg]
[maze.umbrella.al/blog/2015/01/22/letting-go-of-things-and-history-2/index.html]
[maze.umbrella.al/wp-json/oembed/1.0/embedf5f6.json]
[maze.umbrella.al/blog/2015/01/22/letting-go-of-things-and-history/feed/index.html]
[maze.umbrella.al/indexcb30.html]
[maze.umbrella.al/wp-json/oembed/1.0/embed4562]
[maze.umbrella.al/blog/2015/01/22/letting-go-of-things-and-history/index.html]
[maze.umbrella.al/wp-content/themes/umbrellam/assets/images/map.svg]
[maze.umbrella.al/wp-content/themes/umbrellam/assets/images/map-dark.svg]
[maze.umbrella.al/wp-content/themes/umbrellam/assets/fonts/fontawesome-webfont78ce.svg]
[maze.umbrella.al/wp-content/themes/umbrellam/assets/css/fonts/linea-arrows-10.svg]
[maze.umbrella.al/wp-content/themes/umbrellam/assets/css/fonts/linea-basic-10.svg]
[maze.umbrella.al/wp-content/themes/umbrellam/assets/css/fonts/linea-basic-elaboration-10.svg]
[maze.umbrella.al/wp-content/themes/umbrellam/assets/css/fonts/linea-ecommerce-10.svg]
[maze.umbrella.al/wp-content/themes/umbrellam/assets/css/fonts/linea-music-10.svg]
[maze.umbrella.al/wp-content/themes/umbrellam/assets/css/fonts/linea-software-10.svg]
[maze.umbrella.al/wp-content/themes/umbrellam/assets/css/fonts/linea-weather-10.svg]
[maze.umbrella.al/blog/portfolio/ice-cream-truck-6/feed/index.html]
[maze.umbrella.al/indexe2dc.html]
[maze.umbrella.al/wp-json/oembed/1.0/embed1357.json]
[maze.umbrella.al/wp-json/oembed/1.0/embed7f4e]
[maze.umbrella.al/blog/portfolio/ice-cream-truck-6/index.html]
[maze.umbrella.al/index0721.html]
[maze.umbrella.al/index96f1.html]
[maze.umbrella.al/index4f61.html]
[maze.umbrella.al/index7665.html]
[maze.umbrella.al/index7ef4.html]
[maze.umbrella.al/index3f3a.html]
[maze.umbrella.al/indexcc0f.html]
[maze.umbrella.al/blog/tag/blog/index.html]
[maze.umbrella.al/blog/tag/history/index.html]
[maze.umbrella.al/blog/tag/music/index.html]
[maze.umbrella.al/index8054.html]
[maze.umbrella.al/index5fb3.html]
[maze.umbrella.al/indexcb30.html]
[maze.umbrella.al/indexe2dc.html]
[maze.umbrella.al/blog/tag/blog/feed/index.html]
[maze.umbrella.al/blog/tag/history/feed/index.html]
[maze.umbrella.al/blog/tag/music/feed/index.html]
